LT office integration log from Thu Sep 10 20:10:16 IST 2026

LanguageTool 6.4 (2024-03-28 14:05:28 +0100, 0e9362b)
OS: Linux 6.18.21-1-lts on amd64
LibreOffice 26.2.2.2 (Arch Linux), en-US
Java-Version: 26.0.2, max. Heap-Space: 3906 MB, LT Heap Space Limit: 3515 MB

java.lang.RuntimeException: Could not activate rules
	at org.languagetool.JLanguageTool.<init>(JLanguageTool.java:319)
	at org.languagetool.JLanguageTool.<init>(JLanguageTool.java:278)
	at org.languagetool.JLanguageTool.<init>(JLanguageTool.java:338)
	at org.languagetool.JLanguageTool.<init>(JLanguageTool.java:244)
	at org.languagetool.openoffice.LtSpellChecker.initSpellChecker(LtSpellChecker.java:271)
	at org.languagetool.openoffice.LtSpellChecker.isValid(LtSpellChecker.java:221)
Caused by: java.io.IOException: Cannot load or parse input stream of '/org/languagetool/rules/en/grammar.xml'
	at org.languagetool.rules.patterns.PatternRuleLoader.getRules(PatternRuleLoader.java:79)
	at org.languagetool.Language.getPatternRules(Language.java:705)
	at org.languagetool.JLanguageTool.activateDefaultPatternRules(JLanguageTool.java:624)
	at org.languagetool.JLanguageTool.<init>(JLanguageTool.java:312)
	... 5 more
Caused by: org.xml.sax.SAXParseException; lineNumber: 66; columnNumber: 21; JAXP00010004: The accumulated size of entities is "100,006" that exceeded the "100,000" limit set by "jdk.xml.totalEntitySizeLimit".
	at java.xml/com.sun.org.apache.xerces.internal.util.ErrorHandlerWrapper.createSAXParseException(ErrorHandlerWrapper.java:204)
	at java.xml/com.sun.org.apache.xerces.internal.util.ErrorHandlerWrapper.fatalError(ErrorHandlerWrapper.java:178)
	at java.xml/com.sun.org.apache.xerces.internal.impl.XMLErrorReporter.reportError(XMLErrorReporter.java:400)
	at java.xml/com.sun.org.apache.xerces.internal.impl.XMLErrorReporter.reportError(XMLErrorReporter.java:327)
	at java.xml/com.sun.org.apache.xerces.internal.impl.XMLErrorReporter.reportError(XMLErrorReporter.java:284)
	at java.xml/com.sun.org.apache.xerces.internal.impl.XMLEntityScanner.checkLimit(XMLEntityScanner.java:1009)
	at java.xml/com.sun.org.apache.xerces.internal.impl.XMLEntityScanner.checkEntityLimit(XMLEntityScanner.java:968)
	at java.xml/com.sun.org.apache.xerces.internal.impl.XMLEntityScanner.scanName(XMLEntityScanner.java:753)
	at java.xml/com.sun.org.apache.xerces.internal.impl.XMLDocumentFragmentScannerImpl.scanStartElement(XMLDocumentFragmentScannerImpl.java:1335)
	at java.xml/com.sun.org.apache.xerces.internal.impl.XMLDocumentFragmentScannerImpl$FragmentContentDriver.next(XMLDocumentFragmentScannerImpl.java:2736)
	at java.xml/com.sun.org.apache.xerces.internal.impl.XMLDocumentScannerImpl.next(XMLDocumentScannerImpl.java:635)
	at java.xml/com.sun.org.apache.xerces.internal.impl.XMLDocumentFragmentScannerImpl.scanDocument(XMLDocumentFragmentScannerImpl.java:551)
	at java.xml/com.sun.org.apache.xerces.internal.parsers.XML11Configuration.parse(XML11Configuration.java:890)
	at java.xml/com.sun.org.apache.xerces.internal.parsers.XML11Configuration.parse(XML11Configuration.java:826)
	at java.xml/com.sun.org.apache.xerces.internal.parsers.XMLParser.parse(XMLParser.java:137)
	at java.xml/com.sun.org.apache.xerces.internal.parsers.AbstractSAXParser.parse(AbstractSAXParser.java:1225)
	at java.xml/com.sun.org.apache.xerces.internal.jaxp.SAXParserImpl$JAXPSAXParser.parse(SAXParserImpl.java:629)
	at java.xml/com.sun.org.apache.xerces.internal.jaxp.SAXParserImpl.parse(SAXParserImpl.java:328)
	at java.xml/javax.xml.parsers.SAXParser.parse(SAXParser.java:197)
	at org.languagetool.rules.patterns.PatternRuleLoader.getRules(PatternRuleLoader.java:76)
	... 8 more

LtSpellChecker: isValid: Problem with spelling rule: word: MONTHLY
LtSpellChecker: isValid: Problem with spelling rule: word: FINANCE
LtSpellChecker: isValid: Problem with spelling rule: word: TRACKER
LtSpellChecker: isValid: Problem with spelling rule: word: DEEPANSHU
LtSpellChecker: isValid: Problem with spelling rule: word: MONTH
LtSpellChecker: isValid: Problem with spelling rule: word: INCOME
LtSpellChecker: isValid: Problem with spelling rule: word: EQUITY
LtSpellChecker: isValid: Problem with spelling rule: word: SIPs
LtSpellChecker: isValid: Problem with spelling rule: word: EMERGENCY
LtSpellChecker: isValid: Problem with spelling rule: word: FUND
LtSpellChecker: isValid: Problem with spelling rule: word: Target
LtSpellChecker: isValid: Problem with spelling rule: word: 75,000
LtSpellChecker: isValid: Problem with spelling rule: word: Month
LtSpellChecker: isValid: Problem with spelling rule: word: Income
LtSpellChecker: isValid: Problem with spelling rule: word: Added
LtSpellChecker: isValid: Problem with spelling rule: word: Withdrawn
LtSpellChecker: isValid: Problem with spelling rule: word: Balance
LtSpellChecker: isValid: Problem with spelling rule: word: May
LtSpellChecker: isValid: Problem with spelling rule: word: 2026
LtSpellChecker: isValid: Problem with spelling rule: word: Jun
LtSpellChecker: isValid: Problem with spelling rule: word: 2026
LtSpellChecker: isValid: Problem with spelling rule: word: Jul
LtSpellChecker: isValid: Problem with spelling rule: word: 2026
LtSpellChecker: isValid: Problem with spelling rule: word: Aug
LtSpellChecker: isValid: Problem with spelling rule: word: 2026
LtSpellChecker: isValid: Problem with spelling rule: word: Sep
LtSpellChecker: isValid: Problem with spelling rule: word: 2026
LtSpellChecker: isValid: Problem with spelling rule: word: Oct
LtSpellChecker: isValid: Problem with spelling rule: word: 2026
LtSpellChecker: isValid: Problem with spelling rule: word: Nov
LtSpellChecker: isValid: Problem with spelling rule: word: 2026
LtSpellChecker: isValid: Problem with spelling rule: word: Dec
LtSpellChecker: isValid: Problem with spelling rule: word: 2026
LtSpellChecker: isValid: Problem with spelling rule: word: Jan
LtSpellChecker: isValid: Problem with spelling rule: word: 2027
LtSpellChecker: isValid: Problem with spelling rule: word: Feb
LtSpellChecker: isValid: Problem with spelling rule: word: 2027
LtSpellChecker: isValid: Problem with spelling rule: word: Mar
LtSpellChecker: isValid: Problem with spelling rule: word: 2027
LtSpellChecker: isValid: Problem with spelling rule: word: Apr
LtSpellChecker: isValid: Problem with spelling rule: word: 2027
LtSpellChecker: isValid: Problem with spelling rule: word: May
LtSpellChecker: isValid: Problem with spelling rule: word: 2027
LtSpellChecker: isValid: Problem with spelling rule: word: Jun
LtSpellChecker: isValid: Problem with spelling rule: word: 2027
LtSpellChecker: isValid: Problem with spelling rule: word: Nifty
LtSpellChecker: isValid: Problem with spelling rule: word: 50
LtSpellChecker: isValid: Problem with spelling rule: word: 4,000
LtSpellChecker: isValid: Problem with spelling rule: word: Next
LtSpellChecker: isValid: Problem with spelling rule: word: 50
LtSpellChecker: isValid: Problem with spelling rule: word: 2,500
LtSpellChecker: isValid: Problem with spelling rule: word: Nasdaq
LtSpellChecker: isValid: Problem with spelling rule: word: 2,000
LtSpellChecker: isValid: Problem with spelling rule: word: Total
LtSpellChecker: isValid: Problem with spelling rule: word: Equity
LtSpellChecker: isValid: Problem with spelling rule: word: Invested
LtSpellChecker: isValid: Problem with spelling rule: word: Progress
LtSpellChecker: isValid: Problem with spelling rule: word: vs
LtSpellChecker: isValid: Problem with spelling rule: word: 75k
MultiDocumentsHandler: getLinguisticServices: linguServices set: is NOT null
LtSpellChecker: isValid: Problem with spelling rule: word: NASDAQ
LtSpellChecker: isValid: Problem with spelling rule: word: 100
LtSpellChecker: isValid: Problem with spelling rule: word: RETURNS
LtSpellChecker: isValid: Problem with spelling rule: word: TOTAL
LtSpellChecker: isValid: Problem with spelling rule: word: PORTFOLIO
LtSpellChecker: isValid: Problem with spelling rule: word: LIQUID
LtSpellChecker: isValid: Problem with spelling rule: word: FUND
LtSpellChecker: isValid: Problem with spelling rule: word: RETURNS
LtSpellChecker: isValid: Problem with spelling rule: word: MIRAE
LtSpellChecker: isValid: Problem with spelling rule: word: Gains
LtSpellChecker: isValid: Problem with spelling rule: word: Monthly
LtSpellChecker: isValid: Problem with spelling rule: word: Return
LtSpellChecker: isValid: Problem with spelling rule: word: Total
LtSpellChecker: isValid: Problem with spelling rule: word: Value
LtSpellChecker: isValid: Problem with spelling rule: word: Total
LtSpellChecker: isValid: Problem with spelling rule: word: Gains
LtSpellChecker: isValid: Problem with spelling rule: word: Value
LtSpellChecker: isValid: Problem with spelling rule: word: Groww
LtSpellChecker: isValid: Problem with spelling rule: word: Net
LtSpellChecker: isValid: Problem with spelling rule: word: Contributed
LtSpellChecker: isValid: Problem with spelling rule: word: Gains
java.lang.RuntimeException: Could not activate rules
	at org.languagetool.JLanguageTool.<init>(JLanguageTool.java:319)
	at org.languagetool.JLanguageTool.<init>(JLanguageTool.java:278)
	at org.languagetool.JLanguageTool.<init>(JLanguageTool.java:338)
	at org.languagetool.openoffice.SwJLanguageTool$JLanguageToolLo.<init>(SwJLanguageTool.java:394)
	at org.languagetool.openoffice.SwJLanguageTool.<init>(SwJLanguageTool.java:90)
	at org.languagetool.openoffice.MultiDocumentsHandler.initLanguageTool(MultiDocumentsHandler.java:1026)
	at org.languagetool.openoffice.MultiDocumentsHandler.initLanguageTool(MultiDocumentsHandler.java:987)
	at org.languagetool.openoffice.MultiDocumentsHandler.getConfiguration(MultiDocumentsHandler.java:648)
	at org.languagetool.openoffice.MultiDocumentsHandler.getCurrentDocument(MultiDocumentsHandler.java:328)
	at org.languagetool.openoffice.MultiDocumentsHandler$LtHelper.run(MultiDocumentsHandler.java:2336)
Caused by: java.io.IOException: Cannot load or parse input stream of '/org/languagetool/rules/en/grammar.xml'
	at org.languagetool.rules.patterns.PatternRuleLoader.getRules(PatternRuleLoader.java:79)
	at org.languagetool.Language.getPatternRules(Language.java:705)
	at org.languagetool.JLanguageTool.activateDefaultPatternRules(JLanguageTool.java:624)
	at org.languagetool.JLanguageTool.<init>(JLanguageTool.java:312)
	... 9 more
Caused by: org.xml.sax.SAXParseException; lineNumber: 66; columnNumber: 21; JAXP00010004: The accumulated size of entities is "100,006" that exceeded the "100,000" limit set by "jdk.xml.totalEntitySizeLimit".
	at java.xml/com.sun.org.apache.xerces.internal.util.ErrorHandlerWrapper.createSAXParseException(ErrorHandlerWrapper.java:204)
	at java.xml/com.sun.org.apache.xerces.internal.util.ErrorHandlerWrapper.fatalError(ErrorHandlerWrapper.java:178)
	at java.xml/com.sun.org.apache.xerces.internal.impl.XMLErrorReporter.reportError(XMLErrorReporter.java:400)
	at java.xml/com.sun.org.apache.xerces.internal.impl.XMLErrorReporter.reportError(XMLErrorReporter.java:327)
	at java.xml/com.sun.org.apache.xerces.internal.impl.XMLErrorReporter.reportError(XMLErrorReporter.java:284)
	at java.xml/com.sun.org.apache.xerces.internal.impl.XMLEntityScanner.checkLimit(XMLEntityScanner.java:1009)
	at java.xml/com.sun.org.apache.xerces.internal.impl.XMLEntityScanner.checkEntityLimit(XMLEntityScanner.java:968)
	at java.xml/com.sun.org.apache.xerces.internal.impl.XMLEntityScanner.scanName(XMLEntityScanner.java:753)
	at java.xml/com.sun.org.apache.xerces.internal.impl.XMLDocumentFragmentScannerImpl.scanStartElement(XMLDocumentFragmentScannerImpl.java:1335)
	at java.xml/com.sun.org.apache.xerces.internal.impl.XMLDocumentFragmentScannerImpl$FragmentContentDriver.next(XMLDocumentFragmentScannerImpl.java:2736)
	at java.xml/com.sun.org.apache.xerces.internal.impl.XMLDocumentScannerImpl.next(XMLDocumentScannerImpl.java:635)
	at java.xml/com.sun.org.apache.xerces.internal.impl.XMLDocumentFragmentScannerImpl.scanDocument(XMLDocumentFragmentScannerImpl.java:551)
	at java.xml/com.sun.org.apache.xerces.internal.parsers.XML11Configuration.parse(XML11Configuration.java:890)
	at java.xml/com.sun.org.apache.xerces.internal.parsers.XML11Configuration.parse(XML11Configuration.java:826)
	at java.xml/com.sun.org.apache.xerces.internal.parsers.XMLParser.parse(XMLParser.java:137)
	at java.xml/com.sun.org.apache.xerces.internal.parsers.AbstractSAXParser.parse(AbstractSAXParser.java:1225)
	at java.xml/com.sun.org.apache.xerces.internal.jaxp.SAXParserImpl$JAXPSAXParser.parse(SAXParserImpl.java:629)
	at java.xml/com.sun.org.apache.xerces.internal.jaxp.SAXParserImpl.parse(SAXParserImpl.java:328)
	at java.xml/javax.xml.parsers.SAXParser.parse(SAXParser.java:197)
	at org.languagetool.rules.patterns.PatternRuleLoader.getRules(PatternRuleLoader.java:76)
	... 12 more

Document 0 created; docID = C1
MultiDocumentsHandler: LtHelper: local: en-US
LtSpellChecker: isValid: Problem with spelling rule: word: HDFC
LtSpellChecker: isValid: Problem with spelling rule: word: MIDCAP
LtSpellChecker: isValid: Problem with spelling rule: word: DIRECT
LtSpellChecker: isValid: Problem with spelling rule: word: GROWTH
LtSpellChecker: isValid: Problem with spelling rule: word: Monthly
LtSpellChecker: isValid: Problem with spelling rule: word: Return
LtSpellChecker: isValid: Problem with spelling rule: word: Amount
LtSpellChecker: isValid: Problem with spelling rule: word: Invested
LtSpellChecker: isValid: Problem with spelling rule: word: Value
LtSpellChecker: isValid: Problem with spelling rule: word: Groww
LtSpellChecker: isValid: Problem with spelling rule: word: Total
LtSpellChecker: isValid: Problem with spelling rule: word: Invested
LtSpellChecker: isValid: Problem with spelling rule: word: Gains
LtSpellChecker: isValid: Problem with spelling rule: word: Monthly
LtSpellChecker: isValid: Problem with spelling rule: word: Return
java.lang.RuntimeException: Could not activate rules
	at org.languagetool.JLanguageTool.<init>(JLanguageTool.java:319)
	at org.languagetool.JLanguageTool.<init>(JLanguageTool.java:278)
	at org.languagetool.JLanguageTool.<init>(JLanguageTool.java:338)
	at org.languagetool.openoffice.SwJLanguageTool$JLanguageToolLo.<init>(SwJLanguageTool.java:394)
	at org.languagetool.openoffice.SwJLanguageTool.<init>(SwJLanguageTool.java:90)
	at org.languagetool.openoffice.MultiDocumentsHandler.initLanguageTool(MultiDocumentsHandler.java:1026)
	at org.languagetool.openoffice.MultiDocumentsHandler.initLanguageTool(MultiDocumentsHandler.java:991)
	at org.languagetool.openoffice.MultiDocumentsHandler$LtHelper.run(MultiDocumentsHandler.java:2352)
Caused by: java.io.IOException: Cannot load or parse input stream of '/org/languagetool/rules/en/grammar.xml'
	at org.languagetool.rules.patterns.PatternRuleLoader.getRules(PatternRuleLoader.java:79)
	at org.languagetool.Language.getPatternRules(Language.java:705)
	at org.languagetool.JLanguageTool.activateDefaultPatternRules(JLanguageTool.java:624)
	at org.languagetool.JLanguageTool.<init>(JLanguageTool.java:312)
	... 7 more
Caused by: org.xml.sax.SAXParseException; lineNumber: 66; columnNumber: 21; JAXP00010004: The accumulated size of entities is "100,006" that exceeded the "100,000" limit set by "jdk.xml.totalEntitySizeLimit".
	at java.xml/com.sun.org.apache.xerces.internal.util.ErrorHandlerWrapper.createSAXParseException(ErrorHandlerWrapper.java:204)
	at java.xml/com.sun.org.apache.xerces.internal.util.ErrorHandlerWrapper.fatalError(ErrorHandlerWrapper.java:178)
	at java.xml/com.sun.org.apache.xerces.internal.impl.XMLErrorReporter.reportError(XMLErrorReporter.java:400)
	at java.xml/com.sun.org.apache.xerces.internal.impl.XMLErrorReporter.reportError(XMLErrorReporter.java:327)
	at java.xml/com.sun.org.apache.xerces.internal.impl.XMLErrorReporter.reportError(XMLErrorReporter.java:284)
	at java.xml/com.sun.org.apache.xerces.internal.impl.XMLEntityScanner.checkLimit(XMLEntityScanner.java:1009)
	at java.xml/com.sun.org.apache.xerces.internal.impl.XMLEntityScanner.checkEntityLimit(XMLEntityScanner.java:968)
	at java.xml/com.sun.org.apache.xerces.internal.impl.XMLEntityScanner.scanName(XMLEntityScanner.java:753)
	at java.xml/com.sun.org.apache.xerces.internal.impl.XMLDocumentFragmentScannerImpl.scanStartElement(XMLDocumentFragmentScannerImpl.java:1335)
	at java.xml/com.sun.org.apache.xerces.internal.impl.XMLDocumentFragmentScannerImpl$FragmentContentDriver.next(XMLDocumentFragmentScannerImpl.java:2736)
	at java.xml/com.sun.org.apache.xerces.internal.impl.XMLDocumentScannerImpl.next(XMLDocumentScannerImpl.java:635)
	at java.xml/com.sun.org.apache.xerces.internal.impl.XMLDocumentFragmentScannerImpl.scanDocument(XMLDocumentFragmentScannerImpl.java:551)
	at java.xml/com.sun.org.apache.xerces.internal.parsers.XML11Configuration.parse(XML11Configuration.java:890)
	at java.xml/com.sun.org.apache.xerces.internal.parsers.XML11Configuration.parse(XML11Configuration.java:826)
	at java.xml/com.sun.org.apache.xerces.internal.parsers.XMLParser.parse(XMLParser.java:137)
	at java.xml/com.sun.org.apache.xerces.internal.parsers.AbstractSAXParser.parse(AbstractSAXParser.java:1225)
	at java.xml/com.sun.org.apache.xerces.internal.jaxp.SAXParserImpl$JAXPSAXParser.parse(SAXParserImpl.java:629)
	at java.xml/com.sun.org.apache.xerces.internal.jaxp.SAXParserImpl.parse(SAXParserImpl.java:328)
	at java.xml/javax.xml.parsers.SAXParser.parse(SAXParser.java:197)
	at org.languagetool.rules.patterns.PatternRuleLoader.getRules(PatternRuleLoader.java:76)
	... 10 more

java.lang.NullPointerException: Cannot invoke "org.languagetool.openoffice.SwJLanguageTool.getLanguage()" because "lt" is null
	at org.languagetool.openoffice.MultiDocumentsHandler.initCheck(MultiDocumentsHandler.java:1111)
	at org.languagetool.openoffice.MultiDocumentsHandler$LtHelper.run(MultiDocumentsHandler.java:2353)

LtSpellChecker: isValid: Problem with spelling rule: word: Invested
LtSpellChecker: isValid: Problem with spelling rule: word: Value
LtSpellChecker: isValid: Problem with spelling rule: word: Groww
LtSpellChecker: isValid: Problem with spelling rule: word: NEXT
LtSpellChecker: isValid: Problem with spelling rule: word: 50
LtSpellChecker: isValid: Problem with spelling rule: word: RETURNS
LtSpellChecker: isValid: Problem with spelling rule: word: Monthly
LtSpellChecker: isValid: Problem with spelling rule: word: Return
LtSpellChecker: isValid: Problem with spelling rule: word: Invested
LtSpellChecker: isValid: Problem with spelling rule: word: Gains
LtSpellChecker: isValid: Problem with spelling rule: word: Value
LtSpellChecker: isValid: Problem with spelling rule: word: Groww
LtSpellChecker: isValid: Problem with spelling rule: word: NIFTY
LtSpellChecker: isValid: Problem with spelling rule: word: 50
LtSpellChecker: isValid: Problem with spelling rule: word: RETURNS
LtSpellChecker: isValid: Problem with spelling rule: word: Monthly
LtSpellChecker: isValid: Problem with spelling rule: word: Return
LtSpellChecker: isValid: Problem with spelling rule: word: Gains
LtSpellChecker: isValid: Problem with spelling rule: word: Invested
LtSpellChecker: isValid: Problem with spelling rule: word: Value
LtSpellChecker: isValid: Problem with spelling rule: word: Groww
LtSpellChecker: isValid: Problem with spelling rule: word: BUFFER
LtSpellChecker: isValid: Problem with spelling rule: word: RELOCATION
LtSpellChecker: isValid: Problem with spelling rule: word: Target
LtSpellChecker: isValid: Problem with spelling rule: word: 1,00,000
LtSpellChecker: isValid: Problem with spelling rule: word: Notes
LtSpellChecker: isValid: Problem with spelling rule: word: took
LtSpellChecker: isValid: Problem with spelling rule: word: out
LtSpellChecker: isValid: Problem with spelling rule: word: money
LtSpellChecker: isValid: Problem with spelling rule: word: for
LtSpellChecker: isValid: Problem with spelling rule: word: a
LtSpellChecker: isValid: Problem with spelling rule: word: phone
LtSpellChecker: isValid: Problem with spelling rule: word: last
LtSpellChecker: isValid: Problem with spelling rule: word: one
LtSpellChecker: isValid: Problem with spelling rule: word: broke
LtSpellChecker: isValid: Problem with spelling rule: word: went
LtSpellChecker: isValid: Problem with spelling rule: word: on
LtSpellChecker: isValid: Problem with spelling rule: word: a
LtSpellChecker: isValid: Problem with spelling rule: word: trip
LtSpellChecker: isValid: Problem with spelling rule: word: Mumma’s
LtSpellChecker: isValid: Problem with spelling rule: word: Mumma's
LtSpellChecker: isValid: Problem with spelling rule: word: birthday
LtSpellChecker: isValid: Problem with spelling rule: word: gifts
LtSpellChecker: isValid: Problem with spelling rule: word: TRIP
LtSpellChecker: isValid: Problem with spelling rule: word: FUND
LtSpellChecker: isValid: Problem with spelling rule: word: took
LtSpellChecker: isValid: Problem with spelling rule: word: money
LtSpellChecker: isValid: Problem with spelling rule: word: out
LtSpellChecker: isValid: Problem with spelling rule: word: for
LtSpellChecker: isValid: Problem with spelling rule: word: phone
LtSpellChecker: isValid: Problem with spelling rule: word: last
LtSpellChecker: isValid: Problem with spelling rule: word: one
LtSpellChecker: isValid: Problem with spelling rule: word: broke
LtSpellChecker: isValid: Problem with spelling rule: word: urban
LtSpellChecker: isValid: Problem with spelling rule: word: retreat
LtSpellChecker: isValid: Problem with spelling rule: word: with
LtSpellChecker: isValid: Problem with spelling rule: word: noob
LtSpellChecker: isValid: Problem with spelling rule: word: 4
LtSpellChecker: isValid: Problem with spelling rule: word: 4
LtSpellChecker: isValid: Problem with spelling rule: word: 49
LtSpellChecker: isValid: Problem with spelling rule: word: 49
LtSpellChecker: isValid: Problem with spelling rule: word: 49
LtSpellChecker: isValid: Problem with spelling rule: word: 49
LtSpellChecker: isValid: Problem with spelling rule: word: 49
LtSpellChecker: isValid: Problem with spelling rule: word: 496
LtSpellChecker: isValid: Problem with spelling rule: word: 496
LtSpellChecker: isValid: Problem with spelling rule: word: 496
LtSpellChecker: isValid: Problem with spelling rule: word: 4969
LtSpellChecker: isValid: Problem with spelling rule: word: 4969
LtSpellChecker: isValid: Problem with spelling rule: word: 4969
LtSpellChecker: isValid: Problem with spelling rule: word: 4969
LtSpellChecker: isValid: Problem with spelling rule: word: 4969
LtSpellChecker: isValid: Problem with spelling rule: word: 4969
LtSpellChecker: isValid: Problem with spelling rule: word: 4969
LtSpellChecker: isValid: Problem with spelling rule: word: 4969
LtSpellChecker: isValid: Problem with spelling rule: word: 4969
LtSpellChecker: isValid: Problem with spelling rule: word: 4969
LtSpellChecker: isValid: Problem with spelling rule: word: 4969
LtSpellChecker: isValid: Problem with spelling rule: word: 4969
LtSpellChecker: isValid: Problem with spelling rule: word: 4969
LtSpellChecker: isValid: Problem with spelling rule: word: 7
LtSpellChecker: isValid: Problem with spelling rule: word: 7
LtSpellChecker: isValid: Problem with spelling rule: word: 7
LtSpellChecker: isValid: Problem with spelling rule: word: 7
LtSpellChecker: isValid: Problem with spelling rule: word: 7
LtSpellChecker: isValid: Problem with spelling rule: word: 7
LtSpellChecker: isValid: Problem with spelling rule: word: 7
LtSpellChecker: isValid: Problem with spelling rule: word: 7
LtSpellChecker: isValid: Problem with spelling rule: word: 72
LtSpellChecker: isValid: Problem with spelling rule: word: 72
LtSpellChecker: isValid: Problem with spelling rule: word: 72
LtSpellChecker: isValid: Problem with spelling rule: word: 725
LtSpellChecker: isValid: Problem with spelling rule: word: 725
LtSpellChecker: isValid: Problem with spelling rule: word: 725
LtSpellChecker: isValid: Problem with spelling rule: word: 725
LtSpellChecker: isValid: Problem with spelling rule: word: 7250
LtSpellChecker: isValid: Problem with spelling rule: word: 7250
LtSpellChecker: isValid: Problem with spelling rule: word: 7250
LtSpellChecker: isValid: Problem with spelling rule: word: 7250
LtSpellChecker: isValid: Problem with spelling rule: word: 7250
LtSpellChecker: isValid: Problem with spelling rule: word: 7250
LtSpellChecker: isValid: Problem with spelling rule: word: 7250
LtSpellChecker: isValid: Problem with spelling rule: word: 7250
LtSpellChecker: isValid: Problem with spelling rule: word: 7250
LtSpellChecker: isValid: Problem with spelling rule: word: 7250
LtSpellChecker: isValid: Problem with spelling rule: word: 7250
LtSpellChecker: isValid: Problem with spelling rule: word: 7250
LtSpellChecker: isValid: Problem with spelling rule: word: 7250
LtSpellChecker: isValid: Problem with spelling rule: word: 7250
LtSpellChecker: isValid: Problem with spelling rule: word: 7250
LtSpellChecker: isValid: Problem with spelling rule: word: 7250
LtSpellChecker: isValid: Problem with spelling rule: word: 7250
LtSpellChecker: isValid: Problem with spelling rule: word: 7250
LtSpellChecker: isValid: Problem with spelling rule: word: 7250
LtSpellChecker: isValid: Problem with spelling rule: word: 7250
LtSpellChecker: isValid: Problem with spelling rule: word: 7250
LtSpellChecker: isValid: Problem with spelling rule: word: 7250
LtSpellChecker: isValid: Problem with spelling rule: word: 7250
LtSpellChecker: isValid: Problem with spelling rule: word: 7250
Disposing document has no content: Wait for 1000 milliseconds
